0a75730d0a20656c656d656e74756d2073656d706572206e6973692e2041656e65616e2076756c70757461746520656c656966656e642074656c6c75732e2041656e65616e206c656f206c6967756c612c20706f72747469746f722065752c0d0a
